2026-03-09 11:31:46,795 | INFO |Starting run (task_runner.py:143)
2026-03-09 11:31:47,068 | INFO |Created finch collection at /tmp/finch_bench_50k_clean (dim=1536) (finch.py:105)
2026-03-09 11:31:47,880 | INFO |Read the entire file into memory: test.parquet (dataset.py:392)
2026-03-09 11:31:47,946 | INFO |Read the entire file into memory: neighbors.parquet (dataset.py:392)
2026-03-09 11:31:47,976 | INFO |Start performance case (task_runner.py:188)
2026-03-09 11:31:48,557 | INFO |(SpawnProcess-1  ) Start inserting embeddings in batch 100 (serial_runner.py:56)
2026-03-09 11:31:48,557 | INFO |Get iterator for shuffle_train.parquet (dataset.py:424)
2026-03-09 11:31:57,528 | INFO |(SpawnProcess-1  ) Finish loading all dataset into VectorDB, dur=8.970874874998117 (serial_runner.py:95)
2026-03-09 11:31:59,021 | INFO |Optimizing finch collection (index_type=hnsw)... (finch.py:214)
2026-03-09 11:32:28,861 | INFO |Finch optimize complete. (finch.py:227)
2026-03-09 11:32:28,975 | INFO |Finish loading the entire dataset into VectorDB, insert_duration=9.668373249995057, optimize_duration=30.731826999995974 load_duration(insert + optimize) = 40.4002 (task_runner.py:198)
2026-03-09 11:32:29,457 | INFO |Start search 30s in concurrency 1, filters: type=<FilterOp.NonFilter: 'NonFilter'> filter_rate=0.0 gt_file_name='neighbors.parquet' (mp_runner.py:133)
2026-03-09 11:32:30,484 | INFO |Syncing all process and start concurrency search, concurrency=1 (mp_runner.py:140)
2026-03-09 11:33:00,811 | INFO |SpawnProcess-4   search 30s: actual_dur=30.0227s, count=10114, qps in this process: 336.8784 (mp_runner.py:104)
2026-03-09 11:33:00,815 | INFO |End search in concurrency 1: dur=30.33062679201248s, total_count=10114, qps=333.4583 (mp_runner.py:156)
2026-03-09 11:33:00,931 | INFO |Update largest qps with concurrency 1: current max_qps=333.4583 (mp_runner.py:174)
2026-03-09 11:33:01,410 | INFO |Start search 30s in concurrency 5, filters: type=<FilterOp.NonFilter: 'NonFilter'> filter_rate=0.0 gt_file_name='neighbors.parquet' (mp_runner.py:133)
2026-03-09 11:33:06,446 | INFO |Syncing all process and start concurrency search, concurrency=5 (mp_runner.py:140)
2026-03-09 11:33:36,776 | INFO |SpawnProcess-9   search 30s: actual_dur=30.0289s, count=7840, qps in this process: 261.0818 (mp_runner.py:104)
2026-03-09 11:33:36,776 | INFO |SpawnProcess-7   search 30s: actual_dur=30.0367s, count=7832, qps in this process: 260.7477 (mp_runner.py:104)
2026-03-09 11:33:36,776 | INFO |SpawnProcess-6   search 30s: actual_dur=30.0329s, count=7842, qps in this process: 261.1136 (mp_runner.py:104)
2026-03-09 11:33:36,790 | INFO |SpawnProcess-10  search 30s: actual_dur=30.0235s, count=7821, qps in this process: 260.4959 (mp_runner.py:104)
2026-03-09 11:33:36,790 | INFO |SpawnProcess-8   search 30s: actual_dur=30.0274s, count=7822, qps in this process: 260.4954 (mp_runner.py:104)
2026-03-09 11:33:36,794 | INFO |End search in concurrency 5: dur=30.347273249994032s, total_count=39157, qps=1290.2971 (mp_runner.py:156)
2026-03-09 11:33:36,951 | INFO |Update largest qps with concurrency 5: current max_qps=1290.2971 (mp_runner.py:174)
2026-03-09 11:33:37,440 | INFO |Start search 30s in concurrency 10, filters: type=<FilterOp.NonFilter: 'NonFilter'> filter_rate=0.0 gt_file_name='neighbors.parquet' (mp_runner.py:133)
2026-03-09 11:33:47,499 | INFO |Syncing all process and start concurrency search, concurrency=10 (mp_runner.py:140)
2026-03-09 11:36:17,685 | INFO |SpawnProcess-14  search 30s: actual_dur=30.0459s, count=4711, qps in this process: 156.7934 (mp_runner.py:104)
2026-03-09 11:36:17,700 | INFO |SpawnProcess-13  search 30s: actual_dur=30.0563s, count=4729, qps in this process: 157.3381 (mp_runner.py:104)
2026-03-09 11:36:17,706 | INFO |SpawnProcess-18  search 30s: actual_dur=30.0514s, count=4687, qps in this process: 155.9661 (mp_runner.py:104)
2026-03-09 11:36:17,706 | INFO |SpawnProcess-20  search 30s: actual_dur=30.0578s, count=4743, qps in this process: 157.796 (mp_runner.py:104)
2026-03-09 11:36:17,707 | INFO |SpawnProcess-15  search 30s: actual_dur=30.0454s, count=4702, qps in this process: 156.4965 (mp_runner.py:104)
2026-03-09 11:36:17,707 | INFO |SpawnProcess-17  search 30s: actual_dur=30.0398s, count=4730, qps in this process: 157.4578 (mp_runner.py:104)
2026-03-09 11:36:17,722 | INFO |SpawnProcess-12  search 30s: actual_dur=30.0409s, count=4713, qps in this process: 156.8861 (mp_runner.py:104)
2026-03-09 11:36:17,722 | INFO |SpawnProcess-21  search 30s: actual_dur=30.0491s, count=4701, qps in this process: 156.444 (mp_runner.py:104)
2026-03-09 11:36:17,723 | INFO |SpawnProcess-16  search 30s: actual_dur=30.0453s, count=4699, qps in this process: 156.3972 (mp_runner.py:104)
2026-03-09 11:36:17,751 | INFO |SpawnProcess-19  search 30s: actual_dur=30.025s, count=4691, qps in this process: 156.2365 (mp_runner.py:104)
2026-03-09 11:36:17,756 | INFO |End search in concurrency 10: dur=30.45024866699532s, total_count=47106, qps=1546.9824 (mp_runner.py:156)
2026-03-09 11:36:17,954 | INFO |Update largest qps with concurrency 10: current max_qps=1546.9824 (mp_runner.py:174)
2026-03-09 11:36:18,511 | INFO |Start search 30s in concurrency 20, filters: type=<FilterOp.NonFilter: 'NonFilter'> filter_rate=0.0 gt_file_name='neighbors.parquet' (mp_runner.py:133)
2026-03-09 11:36:28,632 | INFO |Syncing all process and start concurrency search, concurrency=20 (mp_runner.py:140)
2026-03-09 11:36:59,078 | INFO |SpawnProcess-26  search 30s: actual_dur=30.0733s, count=2360, qps in this process: 78.4749 (mp_runner.py:104)
2026-03-09 11:36:59,188 | INFO |SpawnProcess-25  search 30s: actual_dur=30.0719s, count=2370, qps in this process: 78.8111 (mp_runner.py:104)
2026-03-09 11:36:59,196 | INFO |SpawnProcess-29  search 30s: actual_dur=30.0528s, count=2327, qps in this process: 77.4304 (mp_runner.py:104)
2026-03-09 11:36:59,217 | INFO |SpawnProcess-33  search 30s: actual_dur=30.0711s, count=2361, qps in this process: 78.5139 (mp_runner.py:104)
2026-03-09 11:36:59,299 | INFO |SpawnProcess-28  search 30s: actual_dur=30.1142s, count=2443, qps in this process: 81.1245 (mp_runner.py:104)
2026-03-09 11:36:59,343 | INFO |SpawnProcess-39  search 30s: actual_dur=30.0831s, count=2350, qps in this process: 78.1169 (mp_runner.py:104)
2026-03-09 11:36:59,353 | INFO |SpawnProcess-23  search 30s: actual_dur=30.0807s, count=2311, qps in this process: 76.8267 (mp_runner.py:104)
2026-03-09 11:36:59,354 | INFO |SpawnProcess-32  search 30s: actual_dur=30.0653s, count=2380, qps in this process: 79.161 (mp_runner.py:104)
2026-03-09 11:36:59,355 | INFO |SpawnProcess-30  search 30s: actual_dur=30.0728s, count=2346, qps in this process: 78.0107 (mp_runner.py:104)
2026-03-09 11:36:59,355 | INFO |SpawnProcess-27  search 30s: actual_dur=30.1014s, count=2378, qps in this process: 78.9996 (mp_runner.py:104)
2026-03-09 11:36:59,379 | INFO |SpawnProcess-34  search 30s: actual_dur=30.0771s, count=2410, qps in this process: 80.1274 (mp_runner.py:104)
2026-03-09 11:36:59,385 | INFO |SpawnProcess-38  search 30s: actual_dur=30.0538s, count=2387, qps in this process: 79.4242 (mp_runner.py:104)
2026-03-09 11:36:59,385 | INFO |SpawnProcess-42  search 30s: actual_dur=30.0729s, count=2435, qps in this process: 80.9699 (mp_runner.py:104)
2026-03-09 11:36:59,385 | INFO |SpawnProcess-31  search 30s: actual_dur=30.0627s, count=2341, qps in this process: 77.8706 (mp_runner.py:104)
2026-03-09 11:36:59,385 | INFO |SpawnProcess-41  search 30s: actual_dur=30.0579s, count=2279, qps in this process: 75.8203 (mp_runner.py:104)
2026-03-09 11:36:59,385 | INFO |SpawnProcess-36  search 30s: actual_dur=30.0778s, count=2421, qps in this process: 80.4913 (mp_runner.py:104)
2026-03-09 11:36:59,386 | INFO |SpawnProcess-37  search 30s: actual_dur=30.0542s, count=2374, qps in this process: 78.9906 (mp_runner.py:104)
2026-03-09 11:36:59,386 | INFO |SpawnProcess-24  search 30s: actual_dur=30.0674s, count=2368, qps in this process: 78.7564 (mp_runner.py:104)
2026-03-09 11:36:59,403 | INFO |SpawnProcess-35  search 30s: actual_dur=30.0402s, count=2375, qps in this process: 79.0607 (mp_runner.py:104)
2026-03-09 11:36:59,434 | INFO |SpawnProcess-40  search 30s: actual_dur=30.0219s, count=2401, qps in this process: 79.975 (mp_runner.py:104)
2026-03-09 11:36:59,445 | INFO |End search in concurrency 20: dur=30.811431042006006s, total_count=47417, qps=1538.9418 (mp_runner.py:156)
2026-03-09 11:37:00,416 | INFO |Start search 30s in concurrency 30, filters: type=<FilterOp.NonFilter: 'NonFilter'> filter_rate=0.0 gt_file_name='neighbors.parquet' (mp_runner.py:133)
2026-03-09 11:37:10,640 | INFO |Syncing all process and start concurrency search, concurrency=30 (mp_runner.py:140)
2026-03-09 11:37:41,365 | INFO |SpawnProcess-47  search 30s: actual_dur=30.0738s, count=1465, qps in this process: 48.7135 (mp_runner.py:104)
2026-03-09 11:37:41,422 | INFO |SpawnProcess-44  search 30s: actual_dur=30.1359s, count=1480, qps in this process: 49.1109 (mp_runner.py:104)
2026-03-09 11:37:41,546 | INFO |SpawnProcess-51  search 30s: actual_dur=30.0559s, count=1546, qps in this process: 51.4375 (mp_runner.py:104)
2026-03-09 11:37:41,561 | INFO |SpawnProcess-55  search 30s: actual_dur=30.1229s, count=1480, qps in this process: 49.1321 (mp_runner.py:104)
2026-03-09 11:37:41,562 | INFO |SpawnProcess-49  search 30s: actual_dur=30.0663s, count=1553, qps in this process: 51.6525 (mp_runner.py:104)
2026-03-09 11:37:41,623 | INFO |SpawnProcess-45  search 30s: actual_dur=30.0715s, count=1478, qps in this process: 49.1495 (mp_runner.py:104)
2026-03-09 11:37:41,651 | INFO |SpawnProcess-57  search 30s: actual_dur=30.0475s, count=1506, qps in this process: 50.1206 (mp_runner.py:104)
2026-03-09 11:37:41,669 | INFO |SpawnProcess-61  search 30s: actual_dur=30.0918s, count=1535, qps in this process: 51.0106 (mp_runner.py:104)
2026-03-09 11:37:41,713 | INFO |SpawnProcess-48  search 30s: actual_dur=30.0588s, count=1499, qps in this process: 49.8689 (mp_runner.py:104)
2026-03-09 11:37:41,713 | INFO |SpawnProcess-60  search 30s: actual_dur=30.0784s, count=1563, qps in this process: 51.9642 (mp_runner.py:104)
2026-03-09 11:37:41,714 | INFO |SpawnProcess-71  search 30s: actual_dur=30.0882s, count=1538, qps in this process: 51.1164 (mp_runner.py:104)
2026-03-09 11:37:41,771 | INFO |SpawnProcess-67  search 30s: actual_dur=30.06s, count=1580, qps in this process: 52.5615 (mp_runner.py:104)
2026-03-09 11:37:41,788 | INFO |SpawnProcess-59  search 30s: actual_dur=30.0516s, count=1531, qps in this process: 50.9457 (mp_runner.py:104)
2026-03-09 11:37:41,789 | INFO |SpawnProcess-65  search 30s: actual_dur=30.0454s, count=1573, qps in this process: 52.3541 (mp_runner.py:104)
2026-03-09 11:37:41,799 | INFO |SpawnProcess-62  search 30s: actual_dur=30.0629s, count=1520, qps in this process: 50.5607 (mp_runner.py:104)
2026-03-09 11:37:41,813 | INFO |SpawnProcess-50  search 30s: actual_dur=30.0558s, count=1526, qps in this process: 50.7722 (mp_runner.py:104)
2026-03-09 11:37:41,822 | INFO |SpawnProcess-46  search 30s: actual_dur=30.0474s, count=1584, qps in this process: 52.7167 (mp_runner.py:104)
2026-03-09 11:37:41,843 | INFO |SpawnProcess-68  search 30s: actual_dur=30.0613s, count=1554, qps in this process: 51.6944 (mp_runner.py:104)
2026-03-09 11:37:41,843 | INFO |SpawnProcess-58  search 30s: actual_dur=30.0446s, count=1551, qps in this process: 51.6233 (mp_runner.py:104)
2026-03-09 11:37:41,873 | INFO |SpawnProcess-72  search 30s: actual_dur=30.1103s, count=1475, qps in this process: 48.9866 (mp_runner.py:104)
2026-03-09 11:37:41,874 | INFO |SpawnProcess-56  search 30s: actual_dur=30.1161s, count=1562, qps in this process: 51.8659 (mp_runner.py:104)
2026-03-09 11:37:41,899 | INFO |SpawnProcess-70  search 30s: actual_dur=30.0902s, count=1473, qps in this process: 48.9528 (mp_runner.py:104)
2026-03-09 11:37:41,899 | INFO |SpawnProcess-69  search 30s: actual_dur=30.055s, count=1557, qps in this process: 51.805 (mp_runner.py:104)
2026-03-09 11:37:41,899 | INFO |SpawnProcess-73  search 30s: actual_dur=30.0625s, count=1498, qps in this process: 49.8295 (mp_runner.py:104)
2026-03-09 11:37:41,900 | INFO |SpawnProcess-52  search 30s: actual_dur=30.0465s, count=1501, qps in this process: 49.9559 (mp_runner.py:104)
2026-03-09 11:37:41,899 | INFO |SpawnProcess-64  search 30s: actual_dur=30.0837s, count=1532, qps in this process: 50.9246 (mp_runner.py:104)
2026-03-09 11:37:41,899 | INFO |SpawnProcess-53  search 30s: actual_dur=30.0633s, count=1548, qps in this process: 51.4914 (mp_runner.py:104)
2026-03-09 11:37:41,899 | INFO |SpawnProcess-54  search 30s: actual_dur=30.0739s, count=1541, qps in this process: 51.2404 (mp_runner.py:104)
2026-03-09 11:37:41,928 | INFO |SpawnProcess-63  search 30s: actual_dur=30.0317s, count=1591, qps in this process: 52.9774 (mp_runner.py:104)
2026-03-09 11:37:41,937 | INFO |SpawnProcess-66  search 30s: actual_dur=30.0323s, count=1569, qps in this process: 52.2438 (mp_runner.py:104)
2026-03-09 11:37:41,943 | INFO |End search in concurrency 30: dur=31.302447582987952s, total_count=45909, qps=1466.6265 (mp_runner.py:156)
2026-03-09 11:37:43,054 | INFO |Start search 30s in concurrency 40, filters: type=<FilterOp.NonFilter: 'NonFilter'> filter_rate=0.0 gt_file_name='neighbors.parquet' (mp_runner.py:133)
2026-03-09 11:37:53,359 | INFO |Syncing all process and start concurrency search, concurrency=40 (mp_runner.py:140)
2026-03-09 11:38:24,503 | INFO |SpawnProcess-93  search 30s: actual_dur=30.077s, count=1195, qps in this process: 39.7314 (mp_runner.py:104)
2026-03-09 11:38:24,522 | INFO |SpawnProcess-107 search 30s: actual_dur=30.0886s, count=1226, qps in this process: 40.7463 (mp_runner.py:104)
2026-03-09 11:38:24,543 | INFO |SpawnProcess-105 search 30s: actual_dur=30.0944s, count=1235, qps in this process: 41.0375 (mp_runner.py:104)
2026-03-09 11:38:24,564 | INFO |SpawnProcess-83  search 30s: actual_dur=30.1297s, count=1217, qps in this process: 40.392 (mp_runner.py:104)
2026-03-09 11:38:24,591 | INFO |SpawnProcess-84  search 30s: actual_dur=30.0705s, count=1191, qps in this process: 39.6069 (mp_runner.py:104)
2026-03-09 11:38:24,591 | INFO |SpawnProcess-79  search 30s: actual_dur=30.0687s, count=1243, qps in this process: 41.3387 (mp_runner.py:104)
2026-03-09 11:38:24,591 | INFO |SpawnProcess-104 search 30s: actual_dur=30.0856s, count=1212, qps in this process: 40.2851 (mp_runner.py:104)
2026-03-09 11:38:24,624 | INFO |SpawnProcess-87  search 30s: actual_dur=30.0989s, count=1209, qps in this process: 40.1676 (mp_runner.py:104)
2026-03-09 11:38:24,634 | INFO |SpawnProcess-85  search 30s: actual_dur=30.0972s, count=1229, qps in this process: 40.8344 (mp_runner.py:104)
2026-03-09 11:38:24,642 | INFO |SpawnProcess-101 search 30s: actual_dur=30.0824s, count=1195, qps in this process: 39.7242 (mp_runner.py:104)
2026-03-09 11:38:24,725 | INFO |SpawnProcess-86  search 30s: actual_dur=30.057s, count=1236, qps in this process: 41.1219 (mp_runner.py:104)
2026-03-09 11:38:24,726 | INFO |SpawnProcess-114 search 30s: actual_dur=30.1418s, count=1231, qps in this process: 40.8403 (mp_runner.py:104)
2026-03-09 11:38:24,751 | INFO |SpawnProcess-99  search 30s: actual_dur=30.0937s, count=1267, qps in this process: 42.1018 (mp_runner.py:104)
2026-03-09 11:38:24,807 | INFO |SpawnProcess-95  search 30s: actual_dur=30.0757s, count=1238, qps in this process: 41.1628 (mp_runner.py:104)
2026-03-09 11:38:24,874 | INFO |SpawnProcess-108 search 30s: actual_dur=30.1203s, count=1239, qps in this process: 41.135 (mp_runner.py:104)
2026-03-09 11:38:24,874 | INFO |SpawnProcess-109 search 30s: actual_dur=30.0771s, count=1256, qps in this process: 41.7593 (mp_runner.py:104)
2026-03-09 11:38:24,875 | INFO |SpawnProcess-110 search 30s: actual_dur=30.0562s, count=1228, qps in this process: 40.8568 (mp_runner.py:104)
2026-03-09 11:38:24,876 | INFO |SpawnProcess-90  search 30s: actual_dur=30.1179s, count=1256, qps in this process: 41.7028 (mp_runner.py:104)
2026-03-09 11:38:24,893 | INFO |SpawnProcess-89  search 30s: actual_dur=30.158s, count=1232, qps in this process: 40.8515 (mp_runner.py:104)
2026-03-09 11:38:24,909 | INFO |SpawnProcess-91  search 30s: actual_dur=30.0982s, count=1239, qps in this process: 41.1653 (mp_runner.py:104)
2026-03-09 11:38:24,930 | INFO |SpawnProcess-82  search 30s: actual_dur=30.0971s, count=1272, qps in this process: 42.2632 (mp_runner.py:104)
2026-03-09 11:38:24,938 | INFO |SpawnProcess-92  search 30s: actual_dur=30.1404s, count=1233, qps in this process: 40.9085 (mp_runner.py:104)
2026-03-09 11:38:24,932 | INFO |SpawnProcess-96  search 30s: actual_dur=30.1195s, count=1250, qps in this process: 41.5014 (mp_runner.py:104)
2026-03-09 11:38:24,938 | INFO |SpawnProcess-106 search 30s: actual_dur=30.1556s, count=1237, qps in this process: 41.0206 (mp_runner.py:104)
2026-03-09 11:38:24,939 | INFO |SpawnProcess-102 search 30s: actual_dur=30.1717s, count=1193, qps in this process: 39.5404 (mp_runner.py:104)
2026-03-09 11:38:24,939 | INFO |SpawnProcess-97  search 30s: actual_dur=30.1963s, count=1224, qps in this process: 40.5348 (mp_runner.py:104)
2026-03-09 11:38:24,967 | INFO |SpawnProcess-75  search 30s: actual_dur=30.0941s, count=1248, qps in this process: 41.4699 (mp_runner.py:104)
2026-03-09 11:38:24,966 | INFO |SpawnProcess-111 search 30s: actual_dur=30.0792s, count=1203, qps in this process: 39.9944 (mp_runner.py:104)
2026-03-09 11:38:24,967 | INFO |SpawnProcess-103 search 30s: actual_dur=30.0582s, count=1254, qps in this process: 41.7191 (mp_runner.py:104)
2026-03-09 11:38:24,968 | INFO |SpawnProcess-113 search 30s: actual_dur=30.1168s, count=1205, qps in this process: 40.0109 (mp_runner.py:104)
2026-03-09 11:38:24,967 | INFO |SpawnProcess-94  search 30s: actual_dur=30.098s, count=1230, qps in this process: 40.8665 (mp_runner.py:104)
2026-03-09 11:38:24,968 | INFO |SpawnProcess-80  search 30s: actual_dur=30.1216s, count=1238, qps in this process: 41.1001 (mp_runner.py:104)
2026-03-09 11:38:24,967 | INFO |SpawnProcess-81  search 30s: actual_dur=30.0661s, count=1235, qps in this process: 41.0762 (mp_runner.py:104)
2026-03-09 11:38:24,968 | INFO |SpawnProcess-78  search 30s: actual_dur=30.0869s, count=1260, qps in this process: 41.8787 (mp_runner.py:104)
2026-03-09 11:38:24,968 | INFO |SpawnProcess-76  search 30s: actual_dur=30.1075s, count=1216, qps in this process: 40.3886 (mp_runner.py:104)
2026-03-09 11:38:24,968 | INFO |SpawnProcess-98  search 30s: actual_dur=30.096s, count=1237, qps in this process: 41.1018 (mp_runner.py:104)
2026-03-09 11:38:24,969 | INFO |SpawnProcess-112 search 30s: actual_dur=30.0721s, count=1230, qps in this process: 40.9017 (mp_runner.py:104)
2026-03-09 11:38:24,986 | INFO |SpawnProcess-77  search 30s: actual_dur=30.0671s, count=1231, qps in this process: 40.9418 (mp_runner.py:104)
2026-03-09 11:38:24,995 | INFO |SpawnProcess-100 search 30s: actual_dur=30.0269s, count=1256, qps in this process: 41.8292 (mp_runner.py:104)
2026-03-09 11:38:24,995 | INFO |SpawnProcess-88  search 30s: actual_dur=30.0342s, count=1236, qps in this process: 41.1531 (mp_runner.py:104)
2026-03-09 11:38:25,003 | INFO |End search in concurrency 40: dur=31.64334704099747s, total_count=49262, qps=1556.7885 (mp_runner.py:156)
2026-03-09 11:38:25,740 | INFO |Update largest qps with concurrency 40: current max_qps=1556.7885 (mp_runner.py:174)
2026-03-09 11:38:26,307 | INFO |Start search 30s in concurrency 60, filters: type=<FilterOp.NonFilter: 'NonFilter'> filter_rate=0.0 gt_file_name='neighbors.parquet' (mp_runner.py:133)
2026-03-09 11:38:36,963 | INFO |Syncing all process and start concurrency search, concurrency=60 (mp_runner.py:140)
2026-03-09 11:39:08,645 | INFO |SpawnProcess-124 search 30s: actual_dur=30.139s, count=786, qps in this process: 26.0792 (mp_runner.py:104)
2026-03-09 11:39:08,714 | INFO |SpawnProcess-125 search 30s: actual_dur=30.1695s, count=762, qps in this process: 25.2573 (mp_runner.py:104)
2026-03-09 11:39:08,736 | INFO |SpawnProcess-153 search 30s: actual_dur=30.1204s, count=762, qps in this process: 25.2985 (mp_runner.py:104)
2026-03-09 11:39:08,801 | INFO |SpawnProcess-129 search 30s: actual_dur=30.1759s, count=771, qps in this process: 25.5502 (mp_runner.py:104)
2026-03-09 11:39:08,857 | INFO |SpawnProcess-131 search 30s: actual_dur=30.1049s, count=752, qps in this process: 24.9793 (mp_runner.py:104)
2026-03-09 11:39:08,860 | INFO |SpawnProcess-165 search 30s: actual_dur=30.1277s, count=746, qps in this process: 24.7613 (mp_runner.py:104)
2026-03-09 11:39:09,055 | INFO |SpawnProcess-119 search 30s: actual_dur=30.0798s, count=782, qps in this process: 25.9975 (mp_runner.py:104)
2026-03-09 11:39:09,111 | INFO |SpawnProcess-173 search 30s: actual_dur=30.317s, count=765, qps in this process: 25.2334 (mp_runner.py:104)
2026-03-09 11:39:09,111 | INFO |SpawnProcess-132 search 30s: actual_dur=30.1421s, count=809, qps in this process: 26.8395 (mp_runner.py:104)
2026-03-09 11:39:09,140 | INFO |SpawnProcess-158 search 30s: actual_dur=30.155s, count=791, qps in this process: 26.2311 (mp_runner.py:104)
2026-03-09 11:39:09,151 | INFO |SpawnProcess-133 search 30s: actual_dur=30.2843s, count=781, qps in this process: 25.7889 (mp_runner.py:104)
2026-03-09 11:39:09,170 | INFO |SpawnProcess-122 search 30s: actual_dur=30.0744s, count=781, qps in this process: 25.9689 (mp_runner.py:104)
2026-03-09 11:39:09,174 | INFO |SpawnProcess-117 search 30s: actual_dur=30.1138s, count=789, qps in this process: 26.2006 (mp_runner.py:104)
2026-03-09 11:39:09,231 | INFO |SpawnProcess-172 search 30s: actual_dur=30.206s, count=792, qps in this process: 26.22 (mp_runner.py:104)
2026-03-09 11:39:09,295 | INFO |SpawnProcess-126 search 30s: actual_dur=30.3937s, count=767, qps in this process: 25.2355 (mp_runner.py:104)
2026-03-09 11:39:09,311 | INFO |SpawnProcess-127 search 30s: actual_dur=30.2689s, count=781, qps in this process: 25.8021 (mp_runner.py:104)
2026-03-09 11:39:09,332 | INFO |SpawnProcess-159 search 30s: actual_dur=30.1523s, count=817, qps in this process: 27.0958 (mp_runner.py:104)
2026-03-09 11:39:09,359 | INFO |SpawnProcess-163 search 30s: actual_dur=30.5936s, count=800, qps in this process: 26.1493 (mp_runner.py:104)
2026-03-09 11:39:09,356 | INFO |SpawnProcess-147 search 30s: actual_dur=30.232s, count=801, qps in this process: 26.4951 (mp_runner.py:104)
2026-03-09 11:39:09,371 | INFO |SpawnProcess-143 search 30s: actual_dur=30.1427s, count=786, qps in this process: 26.076 (mp_runner.py:104)
2026-03-09 11:39:09,423 | INFO |SpawnProcess-145 search 30s: actual_dur=30.4061s, count=748, qps in this process: 24.6003 (mp_runner.py:104)
2026-03-09 11:39:09,450 | INFO |SpawnProcess-146 search 30s: actual_dur=30.1125s, count=787, qps in this process: 26.1353 (mp_runner.py:104)
2026-03-09 11:39:09,451 | INFO |SpawnProcess-166 search 30s: actual_dur=30.2682s, count=800, qps in this process: 26.4304 (mp_runner.py:104)
2026-03-09 11:39:09,454 | INFO |SpawnProcess-120 search 30s: actual_dur=30.6927s, count=767, qps in this process: 24.9897 (mp_runner.py:104)
2026-03-09 11:39:09,457 | INFO |SpawnProcess-150 search 30s: actual_dur=30.3906s, count=748, qps in this process: 24.6129 (mp_runner.py:104)
2026-03-09 11:39:09,458 | INFO |SpawnProcess-149 search 30s: actual_dur=30.3473s, count=783, qps in this process: 25.8013 (mp_runner.py:104)
2026-03-09 11:39:09,456 | INFO |SpawnProcess-167 search 30s: actual_dur=30.2741s, count=759, qps in this process: 25.0709 (mp_runner.py:104)
2026-03-09 11:39:09,459 | INFO |SpawnProcess-130 search 30s: actual_dur=30.3856s, count=762, qps in this process: 25.0777 (mp_runner.py:104)
2026-03-09 11:39:09,458 | INFO |SpawnProcess-121 search 30s: actual_dur=30.3068s, count=771, qps in this process: 25.4398 (mp_runner.py:104)
2026-03-09 11:39:09,459 | INFO |SpawnProcess-157 search 30s: actual_dur=30.2801s, count=794, qps in this process: 26.2218 (mp_runner.py:104)
2026-03-09 11:39:09,467 | INFO |SpawnProcess-123 search 30s: actual_dur=30.5126s, count=779, qps in this process: 25.5304 (mp_runner.py:104)
2026-03-09 11:39:09,471 | INFO |SpawnProcess-175 search 30s: actual_dur=30.2966s, count=772, qps in this process: 25.4814 (mp_runner.py:104)
2026-03-09 11:39:09,480 | INFO |SpawnProcess-116 search 30s: actual_dur=30.3269s, count=778, qps in this process: 25.6538 (mp_runner.py:104)
2026-03-09 11:39:09,482 | INFO |SpawnProcess-144 search 30s: actual_dur=30.6403s, count=753, qps in this process: 24.5755 (mp_runner.py:104)
2026-03-09 11:39:09,491 | INFO |SpawnProcess-142 search 30s: actual_dur=30.2811s, count=783, qps in this process: 25.8577 (mp_runner.py:104)
2026-03-09 11:39:09,505 | INFO |SpawnProcess-137 search 30s: actual_dur=30.3012s, count=788, qps in this process: 26.0056 (mp_runner.py:104)
2026-03-09 11:39:09,492 | INFO |SpawnProcess-161 search 30s: actual_dur=30.5036s, count=777, qps in this process: 25.4724 (mp_runner.py:104)
2026-03-09 11:39:09,568 | INFO |SpawnProcess-168 search 30s: actual_dur=30.6681s, count=752, qps in this process: 24.5206 (mp_runner.py:104)
2026-03-09 11:39:09,584 | INFO |SpawnProcess-169 search 30s: actual_dur=30.4582s, count=773, qps in this process: 25.379 (mp_runner.py:104)
2026-03-09 11:39:09,616 | INFO |SpawnProcess-134 search 30s: actual_dur=30.1722s, count=777, qps in this process: 25.7522 (mp_runner.py:104)
2026-03-09 11:39:09,617 | INFO |SpawnProcess-118 search 30s: actual_dur=30.2954s, count=776, qps in this process: 25.6144 (mp_runner.py:104)
2026-03-09 11:39:09,615 | INFO |SpawnProcess-156 search 30s: actual_dur=30.3543s, count=771, qps in this process: 25.4 (mp_runner.py:104)
2026-03-09 11:39:09,617 | INFO |SpawnProcess-171 search 30s: actual_dur=30.1721s, count=783, qps in this process: 25.9511 (mp_runner.py:104)
2026-03-09 11:39:09,621 | INFO |SpawnProcess-141 search 30s: actual_dur=30.4774s, count=765, qps in this process: 25.1006 (mp_runner.py:104)
2026-03-09 11:39:09,638 | INFO |SpawnProcess-136 search 30s: actual_dur=30.1056s, count=871, qps in this process: 28.9315 (mp_runner.py:104)
2026-03-09 11:39:09,637 | INFO |SpawnProcess-139 search 30s: actual_dur=30.3265s, count=770, qps in this process: 25.3903 (mp_runner.py:104)
2026-03-09 11:39:09,674 | INFO |SpawnProcess-135 search 30s: actual_dur=30.0483s, count=843, qps in this process: 28.0548 (mp_runner.py:104)
2026-03-09 11:39:09,681 | INFO |SpawnProcess-151 search 30s: actual_dur=30.2268s, count=774, qps in this process: 25.6064 (mp_runner.py:104)
2026-03-09 11:39:09,684 | INFO |SpawnProcess-162 search 30s: actual_dur=30.2172s, count=801, qps in this process: 26.5081 (mp_runner.py:104)
2026-03-09 11:39:09,706 | INFO |SpawnProcess-152 search 30s: actual_dur=30.2363s, count=777, qps in this process: 25.6976 (mp_runner.py:104)
2026-03-09 11:39:09,734 | INFO |SpawnProcess-138 search 30s: actual_dur=30.2004s, count=791, qps in this process: 26.1917 (mp_runner.py:104)
2026-03-09 11:39:09,736 | INFO |SpawnProcess-154 search 30s: actual_dur=30.1449s, count=773, qps in this process: 25.6428 (mp_runner.py:104)
2026-03-09 11:39:09,748 | INFO |SpawnProcess-160 search 30s: actual_dur=30.1554s, count=767, qps in this process: 25.4349 (mp_runner.py:104)
2026-03-09 11:39:09,772 | INFO |SpawnProcess-174 search 30s: actual_dur=30.4382s, count=816, qps in this process: 26.8084 (mp_runner.py:104)
2026-03-09 11:39:09,781 | INFO |SpawnProcess-170 search 30s: actual_dur=30.1518s, count=885, qps in this process: 29.3515 (mp_runner.py:104)
2026-03-09 11:39:09,800 | INFO |SpawnProcess-148 search 30s: actual_dur=30.3459s, count=794, qps in this process: 26.165 (mp_runner.py:104)
2026-03-09 11:39:09,808 | INFO |SpawnProcess-140 search 30s: actual_dur=30.1381s, count=842, qps in this process: 27.9381 (mp_runner.py:104)
2026-03-09 11:39:09,810 | INFO |SpawnProcess-155 search 30s: actual_dur=30.2807s, count=792, qps in this process: 26.1553 (mp_runner.py:104)
2026-03-09 11:39:09,810 | INFO |SpawnProcess-128 search 30s: actual_dur=30.0734s, count=764, qps in this process: 25.4045 (mp_runner.py:104)
2026-03-09 11:39:09,981 | INFO |SpawnProcess-164 search 30s: actual_dur=30.0287s, count=833, qps in this process: 27.7401 (mp_runner.py:104)
2026-03-09 11:39:09,991 | INFO |End search in concurrency 60: dur=33.02623791700171s, total_count=47060, qps=1424.9277 (mp_runner.py:156)
2026-03-09 11:39:12,204 | INFO |Start search 30s in concurrency 80, filters: type=<FilterOp.NonFilter: 'NonFilter'> filter_rate=0.0 gt_file_name='neighbors.parquet' (mp_runner.py:133)
2026-03-09 11:39:23,328 | INFO |Syncing all process and start concurrency search, concurrency=80 (mp_runner.py:140)
2026-03-09 11:39:55,899 | INFO |SpawnProcess-218 search 30s: actual_dur=30.1624s, count=529, qps in this process: 17.5384 (mp_runner.py:104)
2026-03-09 11:39:56,032 | INFO |SpawnProcess-245 search 30s: actual_dur=30.3085s, count=554, qps in this process: 18.2787 (mp_runner.py:104)
2026-03-09 11:39:56,118 | INFO |SpawnProcess-208 search 30s: actual_dur=30.32s, count=562, qps in this process: 18.5356 (mp_runner.py:104)
2026-03-09 11:39:56,120 | INFO |SpawnProcess-228 search 30s: actual_dur=30.1911s, count=535, qps in this process: 17.7205 (mp_runner.py:104)
2026-03-09 11:39:56,138 | INFO |SpawnProcess-216 search 30s: actual_dur=30.1866s, count=568, qps in this process: 18.8163 (mp_runner.py:104)
2026-03-09 11:39:56,226 | INFO |SpawnProcess-243 search 30s: actual_dur=30.2779s, count=533, qps in this process: 17.6036 (mp_runner.py:104)
2026-03-09 11:39:56,274 | INFO |SpawnProcess-177 search 30s: actual_dur=30.1806s, count=532, qps in this process: 17.6272 (mp_runner.py:104)
2026-03-09 11:39:56,340 | INFO |SpawnProcess-217 search 30s: actual_dur=30.3968s, count=570, qps in this process: 18.752 (mp_runner.py:104)
2026-03-09 11:39:56,340 | INFO |SpawnProcess-232 search 30s: actual_dur=30.3034s, count=541, qps in this process: 17.8528 (mp_runner.py:104)
2026-03-09 11:39:56,343 | INFO |SpawnProcess-246 search 30s: actual_dur=30.4s, count=515, qps in this process: 16.9408 (mp_runner.py:104)
2026-03-09 11:39:56,355 | INFO |SpawnProcess-178 search 30s: actual_dur=30.1662s, count=582, qps in this process: 19.2931 (mp_runner.py:104)
2026-03-09 11:39:56,405 | INFO |SpawnProcess-180 search 30s: actual_dur=30.5288s, count=562, qps in this process: 18.4088 (mp_runner.py:104)
2026-03-09 11:39:56,453 | INFO |SpawnProcess-203 search 30s: actual_dur=30.5963s, count=585, qps in this process: 19.12 (mp_runner.py:104)
2026-03-09 11:39:56,464 | INFO |SpawnProcess-222 search 30s: actual_dur=30.1364s, count=574, qps in this process: 19.0467 (mp_runner.py:104)
2026-03-09 11:39:56,469 | INFO |SpawnProcess-231 search 30s: actual_dur=30.2898s, count=571, qps in this process: 18.8512 (mp_runner.py:104)
2026-03-09 11:39:56,550 | INFO |SpawnProcess-190 search 30s: actual_dur=30.2262s, count=579, qps in this process: 19.1556 (mp_runner.py:104)
2026-03-09 11:39:56,569 | INFO |SpawnProcess-220 search 30s: actual_dur=30.3961s, count=551, qps in this process: 18.1273 (mp_runner.py:104)
2026-03-09 11:39:56,592 | INFO |SpawnProcess-202 search 30s: actual_dur=30.3089s, count=553, qps in this process: 18.2455 (mp_runner.py:104)
2026-03-09 11:39:56,598 | INFO |SpawnProcess-193 search 30s: actual_dur=30.2183s, count=576, qps in this process: 19.0613 (mp_runner.py:104)
2026-03-09 11:39:56,615 | INFO |SpawnProcess-198 search 30s: actual_dur=30.3837s, count=541, qps in this process: 17.8056 (mp_runner.py:104)
2026-03-09 11:39:56,653 | INFO |SpawnProcess-183 search 30s: actual_dur=30.4406s, count=540, qps in this process: 17.7395 (mp_runner.py:104)
2026-03-09 11:39:56,680 | INFO |SpawnProcess-204 search 30s: actual_dur=30.5083s, count=539, qps in this process: 17.6673 (mp_runner.py:104)
2026-03-09 11:39:56,680 | INFO |SpawnProcess-181 search 30s: actual_dur=30.3405s, count=619, qps in this process: 20.4018 (mp_runner.py:104)
2026-03-09 11:39:56,683 | INFO |SpawnProcess-189 search 30s: actual_dur=30.4425s, count=561, qps in this process: 18.4282 (mp_runner.py:104)
2026-03-09 11:39:56,699 | INFO |SpawnProcess-188 search 30s: actual_dur=30.4585s, count=546, qps in this process: 17.926 (mp_runner.py:104)
2026-03-09 11:39:56,709 | INFO |SpawnProcess-184 search 30s: actual_dur=30.4559s, count=565, qps in this process: 18.5514 (mp_runner.py:104)
2026-03-09 11:39:56,710 | INFO |SpawnProcess-205 search 30s: actual_dur=30.3781s, count=578, qps in this process: 19.0269 (mp_runner.py:104)
2026-03-09 11:39:56,709 | INFO |SpawnProcess-209 search 30s: actual_dur=30.4172s, count=569, qps in this process: 18.7065 (mp_runner.py:104)
2026-03-09 11:39:56,730 | INFO |SpawnProcess-242 search 30s: actual_dur=30.1903s, count=538, qps in this process: 17.8203 (mp_runner.py:104)
2026-03-09 11:39:56,731 | INFO |SpawnProcess-215 search 30s: actual_dur=30.2601s, count=537, qps in this process: 17.7461 (mp_runner.py:104)
2026-03-09 11:39:56,729 | INFO |SpawnProcess-240 search 30s: actual_dur=30.5345s, count=579, qps in this process: 18.9622 (mp_runner.py:104)
2026-03-09 11:39:56,734 | INFO |SpawnProcess-225 search 30s: actual_dur=30.3703s, count=577, qps in this process: 18.9988 (mp_runner.py:104)
2026-03-09 11:39:56,764 | INFO |SpawnProcess-238 search 30s: actual_dur=30.3367s, count=530, qps in this process: 17.4706 (mp_runner.py:104)
2026-03-09 11:39:56,764 | INFO |SpawnProcess-244 search 30s: actual_dur=30.3204s, count=563, qps in this process: 18.5684 (mp_runner.py:104)
2026-03-09 11:39:56,788 | INFO |SpawnProcess-186 search 30s: actual_dur=30.2814s, count=517, qps in this process: 17.0732 (mp_runner.py:104)
2026-03-09 11:39:56,795 | INFO |SpawnProcess-221 search 30s: actual_dur=30.6206s, count=574, qps in this process: 18.7456 (mp_runner.py:104)
2026-03-09 11:39:56,806 | INFO |SpawnProcess-195 search 30s: actual_dur=30.5679s, count=561, qps in this process: 18.3526 (mp_runner.py:104)
2026-03-09 11:39:56,818 | INFO |SpawnProcess-196 search 30s: actual_dur=30.3065s, count=532, qps in this process: 17.554 (mp_runner.py:104)
2026-03-09 11:39:56,827 | INFO |SpawnProcess-182 search 30s: actual_dur=30.1316s, count=546, qps in this process: 18.1205 (mp_runner.py:104)
2026-03-09 11:39:56,827 | INFO |SpawnProcess-179 search 30s: actual_dur=30.2082s, count=553, qps in this process: 18.3063 (mp_runner.py:104)
2026-03-09 11:39:56,845 | INFO |SpawnProcess-241 search 30s: actual_dur=30.6185s, count=547, qps in this process: 17.865 (mp_runner.py:104)
2026-03-09 11:39:56,864 | INFO |SpawnProcess-214 search 30s: actual_dur=30.1468s, count=557, qps in this process: 18.4763 (mp_runner.py:104)
2026-03-09 11:39:56,869 | INFO |SpawnProcess-219 search 30s: actual_dur=30.629s, count=554, qps in this process: 18.0874 (mp_runner.py:104)
2026-03-09 11:39:56,869 | INFO |SpawnProcess-192 search 30s: actual_dur=30.6534s, count=546, qps in this process: 17.8121 (mp_runner.py:104)
2026-03-09 11:39:56,876 | INFO |SpawnProcess-194 search 30s: actual_dur=30.1305s, count=559, qps in this process: 18.5526 (mp_runner.py:104)
2026-03-09 11:39:56,891 | INFO |SpawnProcess-236 search 30s: actual_dur=30.1889s, count=568, qps in this process: 18.8149 (mp_runner.py:104)
2026-03-09 11:39:56,919 | INFO |SpawnProcess-187 search 30s: actual_dur=30.0942s, count=541, qps in this process: 17.9769 (mp_runner.py:104)
2026-03-09 11:39:56,920 | INFO |SpawnProcess-223 search 30s: actual_dur=30.0896s, count=556, qps in this process: 18.4781 (mp_runner.py:104)
2026-03-09 11:39:56,939 | INFO |SpawnProcess-200 search 30s: actual_dur=30.2078s, count=528, qps in this process: 17.4789 (mp_runner.py:104)
2026-03-09 11:39:56,960 | INFO |SpawnProcess-191 search 30s: actual_dur=30.5074s, count=542, qps in this process: 17.7662 (mp_runner.py:104)
2026-03-09 11:39:56,978 | INFO |SpawnProcess-201 search 30s: actual_dur=30.1763s, count=574, qps in this process: 19.0216 (mp_runner.py:104)
2026-03-09 11:39:57,000 | INFO |SpawnProcess-230 search 30s: actual_dur=30.1125s, count=587, qps in this process: 19.4936 (mp_runner.py:104)
2026-03-09 11:39:57,006 | INFO |SpawnProcess-229 search 30s: actual_dur=30.0926s, count=560, qps in this process: 18.6092 (mp_runner.py:104)
2026-03-09 11:39:57,005 | INFO |SpawnProcess-250 search 30s: actual_dur=30.256s, count=562, qps in this process: 18.5748 (mp_runner.py:104)
2026-03-09 11:39:57,049 | INFO |SpawnProcess-213 search 30s: actual_dur=30.0825s, count=582, qps in this process: 19.3468 (mp_runner.py:104)
2026-03-09 11:39:57,108 | INFO |SpawnProcess-207 search 30s: actual_dur=30.1004s, count=666, qps in this process: 22.126 (mp_runner.py:104)
2026-03-09 11:39:57,135 | INFO |SpawnProcess-239 search 30s: actual_dur=30.0865s, count=613, qps in this process: 20.3746 (mp_runner.py:104)
2026-03-09 11:39:57,139 | INFO |SpawnProcess-185 search 30s: actual_dur=30.3132s, count=562, qps in this process: 18.5398 (mp_runner.py:104)
2026-03-09 11:39:57,141 | INFO |SpawnProcess-211 search 30s: actual_dur=30.0767s, count=565, qps in this process: 18.7853 (mp_runner.py:104)
2026-03-09 11:39:57,152 | INFO |SpawnProcess-197 search 30s: actual_dur=30.1246s, count=571, qps in this process: 18.9546 (mp_runner.py:104)
2026-03-09 11:39:57,166 | INFO |SpawnProcess-212 search 30s: actual_dur=30.0713s, count=583, qps in this process: 19.3873 (mp_runner.py:104)
2026-03-09 11:39:57,167 | INFO |SpawnProcess-249 search 30s: actual_dur=30.0739s, count=560, qps in this process: 18.6208 (mp_runner.py:104)
2026-03-09 11:39:57,175 | INFO |SpawnProcess-255 search 30s: actual_dur=30.1473s, count=556, qps in this process: 18.4428 (mp_runner.py:104)
2026-03-09 11:39:57,195 | INFO |SpawnProcess-237 search 30s: actual_dur=30.0499s, count=595, qps in this process: 19.8004 (mp_runner.py:104)
2026-03-09 11:39:57,253 | INFO |SpawnProcess-252 search 30s: actual_dur=30.0763s, count=617, qps in this process: 20.5145 (mp_runner.py:104)
2026-03-09 11:39:57,256 | INFO |SpawnProcess-210 search 30s: actual_dur=30.0542s, count=588, qps in this process: 19.5647 (mp_runner.py:104)
2026-03-09 11:39:57,256 | INFO |SpawnProcess-206 search 30s: actual_dur=30.0994s, count=536, qps in this process: 17.8077 (mp_runner.py:104)
2026-03-09 11:39:57,266 | INFO |SpawnProcess-256 search 30s: actual_dur=30.0732s, count=608, qps in this process: 20.2173 (mp_runner.py:104)
2026-03-09 11:39:57,299 | INFO |SpawnProcess-226 search 30s: actual_dur=30.0527s, count=557, qps in this process: 18.5341 (mp_runner.py:104)
2026-03-09 11:39:57,383 | INFO |SpawnProcess-233 search 30s: actual_dur=30.0736s, count=630, qps in this process: 20.9486 (mp_runner.py:104)
2026-03-09 11:39:57,384 | INFO |SpawnProcess-227 search 30s: actual_dur=30.0553s, count=670, qps in this process: 22.2922 (mp_runner.py:104)
2026-03-09 11:39:57,397 | INFO |SpawnProcess-253 search 30s: actual_dur=30.0564s, count=643, qps in this process: 21.3931 (mp_runner.py:104)
2026-03-09 11:39:57,472 | INFO |SpawnProcess-247 search 30s: actual_dur=30.0419s, count=662, qps in this process: 22.0359 (mp_runner.py:104)
2026-03-09 11:39:57,472 | INFO |SpawnProcess-248 search 30s: actual_dur=30.0366s, count=573, qps in this process: 19.0767 (mp_runner.py:104)
2026-03-09 11:39:57,472 | INFO |SpawnProcess-199 search 30s: actual_dur=30.0377s, count=565, qps in this process: 18.8097 (mp_runner.py:104)
2026-03-09 11:39:57,889 | INFO |SpawnProcess-235 search 30s: actual_dur=30.0426s, count=664, qps in this process: 22.1019 (mp_runner.py:104)
2026-03-09 11:39:57,904 | INFO |SpawnProcess-254 search 30s: actual_dur=30.0294s, count=671, qps in this process: 22.3448 (mp_runner.py:104)
2026-03-09 11:39:57,920 | INFO |SpawnProcess-251 search 30s: actual_dur=30.0348s, count=696, qps in this process: 23.1731 (mp_runner.py:104)
2026-03-09 11:39:58,636 | INFO |SpawnProcess-224 search 30s: actual_dur=30.0266s, count=838, qps in this process: 27.9086 (mp_runner.py:104)
2026-03-09 11:39:58,664 | INFO |SpawnProcess-234 search 30s: actual_dur=30.0259s, count=886, qps in this process: 29.5079 (mp_runner.py:104)
2026-03-09 11:39:58,673 | INFO |End search in concurrency 80: dur=35.34339979199285s, total_count=46275, qps=1309.2968 (mp_runner.py:156)
2026-03-09 11:40:00,542 | INFO |MainProcess    start serial search (serial_runner.py:314)
2026-03-09 11:40:01,188 | INFO |SpawnProcess-257 start search the entire test_data to get recall and latency (serial_runner.py:251)
2026-03-09 11:40:05,243 | INFO |SpawnProcess-257 search entire test_data: cost=3.5457s, queries=1000, avg_recall=0.994, avg_ndcg=0.995, avg_latency=0.0035, p99=0.0047, p95=0.0042 (serial_runner.py:291)
2026-03-09 11:40:05,313 | INFO |Performance case got result: Metric(max_load_count=0, insert_duration=9.6684, optimize_duration=30.7318, load_duration=40.4002, qps=1556.7885, serial_latency_p99=np.float64(0.0047), serial_latency_p95=np.float64(0.0042), recall=np.float64(0.994), ndcg=np.float64(0.995), conc_num_list=[1, 5, 10, 20, 30, 40, 60, 80], conc_qps_list=[333.4583, 1290.2971, 1546.9824, 1538.9418, 1466.6265, 1556.7885, 1424.9277, 1309.2968], conc_latency_p99_list=[np.float64(0.0037195420009084046), np.float64(0.0052261315245414166), np.float64(0.013299330890731653), np.float64(0.06305804972304031), np.float64(0.09714282834844186), np.float64(0.10387713249612712), np.float64(0.18423331471567475), np.float64(0.27485269892553343)], conc_latency_p95_list=[np.float64(0.0034824583439331037), np.float64(0.0047399327973835165), np.float64(0.008371250005438924), np.float64(0.03154289160447658), np.float64(0.05701730820001101), np.float64(0.06835874820899332), np.float64(0.11804687709591236), np.float64(0.1750751793049855)], conc_latency_avg_list=[np.float64(0.0029659251941436633), np.float64(0.0038297265404140662), np.float64(0.00636651238782932), np.float64(0.012653664284617913), np.float64(0.019609804328391253), np.float64(0.024366855207086556), np.float64(0.03830721134305949), np.float64(0.051940429220293995)], st_ideal_insert_duration=0, st_search_stage_list=[], st_search_time_list=[], st_max_qps_list_list=[], st_recall_list=[], st_ndcg_list=[], st_serial_latency_p99_list=[], st_serial_latency_p95_list=[], st_conc_failed_rate_list=[], st_conc_num_list_list=[], st_conc_qps_list_list=[], st_conc_latency_p99_list_list=[], st_conc_latency_p95_list_list=[], st_conc_latency_avg_list_list=[]) (task_runner.py:226)
